
  ___  ____  ____  ____  ____ ®
 /__    /   ____/   /   ____/      StataNow 19.5
___/   /   /___/   /   /___/       MP—Parallel Edition

 Statistics and Data Science       Copyright 1985-2025 StataCorp LLC
                                   StataCorp
                                   4905 Lakeway Drive
                                   College Station, Texas 77845 USA
                                   800-782-8272        https://www.stata.com
                                   979-696-4600        service@stata.com

Stata license: 22-user 8-core network, expiring 30 Jun 2026
Serial number: 501909306443
  Licensed to: Giyoung Kwon
               Becker Friedman Institute

Notes:
      1. Stata is running in batch mode.
      2. Unicode is supported; see help unicode_advice.
      3. More than 2 billion observations are allowed; see help obs_advice.
      4. Maximum number of variables is set to 5,000 but can be increased;
          see help set_maxvar.

. do ./4_moments/4_2_get_moments.do 

. 
. *********************************************************
. * Micro Flows - Pre Period 
. *********************************************************
. 
. local os : environment OS

. local is_win = strpos("`os'", "Windows") > 0

. 
. * Get username
. local user : environment USER

. if "`user'" == "" local user : environment USERNAME  // For Windows

. 
. * Define base path depending on OS
. if `is_win' {
.     global proj_dir "C:/Users/`user'/Dropbox/Labor_Market_PT/replication/fina
> l" // Maybe different?
. }

. else {
.     global proj_dir "/Users/`user'/Library/CloudStorage/Dropbox/Labor_Market_
> PT/replication/final"
. }

. 
. global data_dir "$proj_dir/data/moments/raw"

. global temp_dir "$proj_dir/data/moments/temp"

. global output_dir "$proj_dir/data/moments/output"

. 
. use "$temp_dir/gross_flows_v1.dta", clear

. 
. rename Date date_monthly 

. rename Year year 

. 
. keep if year >=2016
(24 observations deleted)

. keep if year <= 2019
(12 observations deleted)

. * First, create a list of all variables
. unab allvars: *

. 
. * Create a list of variables to exclude
. local exclude_vars year MONTH date_monthly

. 
. * Create the list of variables to collapse
. local collapse_vars : list allvars - exclude_vars

. 
. * Display the variables to be collapsed (for verification)
. display "`collapse_vars'"
Month ee_pol ee_asec_wage_1 ee_asec_wage_2 ee_asec_wage_3 ee_asec_wage_4 ee_ase
> c_wage_5 ee_asec_wage_6 ee_asec_wage_7 ee_asec_wage_8 ee_asec_wage_9 ee_asec_
> wage_10 ee_educ_1 ee_educ_2 eu_quits_all eu_layoff_all eu_other_all eu_quits_
> asec_wage_1 eu_layoffs_asec_wage_1 eu_other_asec_wage_1 eu_quits_asec_wage_2 
> eu_layoffs_asec_wage_2 eu_other_asec_wage_2 eu_quits_asec_wage_3 eu_layoffs_a
> sec_wage_3 eu_other_asec_wage_3 eu_quits_asec_wage_4 eu_layoffs_asec_wage_4 e
> u_other_asec_wage_4 eu_quits_asec_wage_5 eu_layoffs_asec_wage_5 eu_other_asec
> _wage_5 eu_quits_asec_wage_6 eu_layoffs_asec_wage_6 eu_other_asec_wage_6 eu_q
> uits_asec_wage_7 eu_layoffs_asec_wage_7 eu_other_asec_wage_7 eu_quits_asec_wa
> ge_8 eu_layoffs_asec_wage_8 eu_other_asec_wage_8 eu_quits_asec_wage_9 eu_layo
> ffs_asec_wage_9 eu_other_asec_wage_9 eu_quits_asec_wage_10 eu_layoffs_asec_wa
> ge_10 eu_other_asec_wage_10 eu_quits_educ_1 eu_layoffs_educ_1 eu_other_educ_1
>  eu_quits_educ_2 eu_layoffs_educ_2 eu_other_educ_2 ue_pol ue_asec_wage_1 ue_a
> sec_wage_2 ue_asec_wage_3 ue_asec_wage_4 ue_asec_wage_5 ue_asec_wage_6 ue_ase
> c_wage_7 ue_asec_wage_8 ue_asec_wage_9 ue_asec_wage_10 ue_educ_1 ue_educ_2

. 
. * Collapse the data
. collapse (mean) `collapse_vars', by(year)

. drop Month 

. keep if year < 2020
(0 observations deleted)

. keep if year > 2015
(0 observations deleted)

. unab allvars: *

. collapse (mean) `allvars' 

. drop year 

. 
. ds *asec*
ee_asec_wa~1  eu_quits_a~1  eu_layoffs~4  eu_other_a~7  ue_asec_wa~1
ee_asec_wa~2  eu_layof~e_1  eu_other_a~4  eu_quits_a~8  ue_asec_wa~2
ee_asec_wa~3  eu_other_a~1  eu_quits_a~5  eu_layoffs~8  ue_asec_wa~3
ee_asec_wa~4  eu_quits_a~2  eu_layoffs~5  eu_other_a~8  ue_asec_wa~4
ee_asec_wa~5  eu_layof~e_2  eu_other_a~5  eu_quits_a~9  ue_asec_wa~5
ee_asec_wa~6  eu_other_a~2  eu_quits_a~6  eu_layoffs~9  ue_asec_wa~6
ee_asec_wa~7  eu_quits_a~3  eu_layoffs~6  eu_other_a~9  ue_asec_wa~7
ee_asec_wa~8  eu_layoffs~3  eu_other_a~6  eu_quits_~10  ue_asec_wa~8
ee_asec_wa~9  eu_other_a~3  eu_quits_a~7  eu_layoff~10  ue_asec_wa~9
ee_asec_w~10  eu_quits_a~4  eu_layoffs~7  eu_other_~10  ue_asec_w~10

. keep `r(varlist)'

. 
. * Create an identifier variable
. gen id = 1

. 
. * Create a list of the base variable names (without the digit)
. unab varlist: *asec*

. local bases

. foreach var of local varlist {
  2.     local base = substr("`var'", 1, length("`var'") - 2)
  3.     if !`:list base in bases' {
  4.         local bases `bases' `base'
  5.     }
  6. }

. 
. * Reshape the data
. reshape long `bases', i(id) j(percentile)
(j = 1 2 3 4 5 6 7 8 9 10)
(variable ee_asec_wage1 not found)
(variable eu_quits_asec_wage1 not found)
(variable eu_layoffs_asec_wage1 not found)
(variable eu_other_asec_wage1 not found)
(variable ue_asec_wage1 not found)
(variable ee_asec_wage2 not found)
(variable eu_quits_asec_wage2 not found)
(variable eu_layoffs_asec_wage2 not found)
(variable eu_other_asec_wage2 not found)
(variable ue_asec_wage2 not found)
(variable ee_asec_wage3 not found)
(variable eu_quits_asec_wage3 not found)
(variable eu_layoffs_asec_wage3 not found)
(variable eu_other_asec_wage3 not found)
(variable ue_asec_wage3 not found)
(variable ee_asec_wage4 not found)
(variable eu_quits_asec_wage4 not found)
(variable eu_layoffs_asec_wage4 not found)
(variable eu_other_asec_wage4 not found)
(variable ue_asec_wage4 not found)
(variable ee_asec_wage5 not found)
(variable eu_quits_asec_wage5 not found)
(variable eu_layoffs_asec_wage5 not found)
(variable eu_other_asec_wage5 not found)
(variable ue_asec_wage5 not found)
(variable ee_asec_wage6 not found)
(variable eu_quits_asec_wage6 not found)
(variable eu_layoffs_asec_wage6 not found)
(variable eu_other_asec_wage6 not found)
(variable ue_asec_wage6 not found)
(variable ee_asec_wage7 not found)
(variable eu_quits_asec_wage7 not found)
(variable eu_layoffs_asec_wage7 not found)
(variable eu_other_asec_wage7 not found)
(variable ue_asec_wage7 not found)
(variable ee_asec_wage8 not found)
(variable eu_quits_asec_wage8 not found)
(variable eu_layoffs_asec_wage8 not found)
(variable eu_other_asec_wage8 not found)
(variable ue_asec_wage8 not found)
(variable ee_asec_wage9 not found)
(variable eu_quits_asec_wage9 not found)
(variable eu_layoffs_asec_wage9 not found)
(variable eu_other_asec_wage9 not found)
(variable ue_asec_wage9 not found)
(variable ee_asec_wage10 not found)
(variable eu_quits_asec_wage10 not found)
(variable eu_layoffs_asec_wage10 not found)
(variable eu_other_asec_wage10 not found)
(variable ue_asec_wage10 not found)

Data                               Wide   ->   Long
-----------------------------------------------------------------------------
Number of observations                1   ->   10          
Number of variables                  51   ->   12          
j variable (10 values)                    ->   percentile
xij variables:
ee_asec_wage1 ee_asec_wage2 ... ee_asec_wage10->ee_asec_wage
ee_asec_wage_1 ee_asec_wage_2 ... ee_asec_wage_10->ee_asec_wage_
eu_quits_asec_wage1 eu_quits_asec_wage2 ... eu_quits_asec_wage10->eu_quits_asec
> _wage
eu_layoffs_asec_wage1 eu_layoffs_asec_wage2 ... eu_layoffs_asec_wage10->eu_layo
> ffs_asec_wage
eu_other_asec_wage1 eu_other_asec_wage2 ... eu_other_asec_wage10->eu_other_asec
> _wage
eu_quits_asec_wage_1 eu_quits_asec_wage_2 ... eu_quits_asec_wage_10->eu_quits_a
> sec_wage_
eu_layoffs_asec_wage_1 eu_layoffs_asec_wage_2 ... eu_layoffs_asec_wage_10->eu_l
> ayoffs_asec_wage_
eu_other_asec_wage_1 eu_other_asec_wage_2 ... eu_other_asec_wage_10->eu_other_a
> sec_wage_
ue_asec_wage1 ue_asec_wage2 ... ue_asec_wage10->ue_asec_wage
ue_asec_wage_1 ue_asec_wage_2 ... ue_asec_wage_10->ue_asec_wage_
-----------------------------------------------------------------------------

. 
. replace percentile = 10 if percentile == 0
(0 real changes made)

. 
. * Sort the data
. sort percentile

. 
. * Drop the id variable as it's no longer needed
. drop id

. rename percentile decile 

. rename ee_asec_wage_ ee

. rename eu_quits_asec_wage_ eu_quits

. rename eu_layoffs_asec_wage_ eu_layoffs 

. rename eu_other_asec_wage_ eu_other 

. rename ue_asec_wage_ ue

. 
. keep decile ee eu_quits eu_layoffs eu_other ue

. gen eu_tot = eu_quits + eu_layoffs + eu_other 

. 
. *** Pre-Period Averages *** 
. preserve 

. collapse (mean) ee ue eu_tot 

. gen period = "pre"

. save "$temp_dir/pre_period_micro_average.dta", replace  
(file
    /Users/giyoung/Library/CloudStorage/Dropbox/Labor_Market_PT/replication/f
    > inal/data/moments/temp/pre_period_micro_average.dta not found)
file
    /Users/giyoung/Library/CloudStorage/Dropbox/Labor_Market_PT/replication/f
    > inal/data/moments/temp/pre_period_micro_average.dta saved

. restore 

. 
. *** Pre-Period Aggregates ***
. 
. * EU and UE 
. preserve 

. import delimited "$data_dir/shimer_decomposition_data.csv", clear
(encoding automatically selected: ISO-8859-1)
(4 vars, 419 obs)

. 
. gen date_new = date(date, "YMD")

. format date_new %td

. drop date 

. rename date_new date 

. 
. keep if date >= date("2016-01-01", "YMD") & date <= date("2019-12-31", "YMD")
(371 observations deleted)

. 
. rename seperation_rate eu

. rename job_finding_rate ue

. 
. collapse (mean) eu_macro = eu ue_macro = ue u_rate_bls = u_rate 

. gen period = "pre"

. gen u_rate_macro = eu_macro / (eu_macro + ue_macro) 

. 
. save "$temp_dir/pre_period_macro_average_1.dta", replace 
(file
    /Users/giyoung/Library/CloudStorage/Dropbox/Labor_Market_PT/replication/f
    > inal/data/moments/temp/pre_period_macro_average_1.dta not found)
file
    /Users/giyoung/Library/CloudStorage/Dropbox/Labor_Market_PT/replication/f
    > inal/data/moments/temp/pre_period_macro_average_1.dta saved

. restore 

. 
. * ee average 
. preserve 

. import delimited "$data_dir/ee_monthly.csv", clear
(encoding automatically selected: ISO-8859-1)
(2 vars, 108 obs)

. 
. gen date_new = date(date_monthly, "YMD")

. format date_new %td

. drop date_monthly 

. rename date_new date 

. 
. keep if date >= date("2016-01-01", "YMD") & date <= date("2019-12-31", "YMD")
(60 observations deleted)

. 
. collapse (mean) ee_macro = ee_pol 

. gen period = "pre"

. save "$temp_dir/pre_period_macro_average_2.dta", replace 
(file
    /Users/giyoung/Library/CloudStorage/Dropbox/Labor_Market_PT/replication/f
    > inal/data/moments/temp/pre_period_macro_average_2.dta not found)
file
    /Users/giyoung/Library/CloudStorage/Dropbox/Labor_Market_PT/replication/f
    > inal/data/moments/temp/pre_period_macro_average_2.dta saved

. restore 

. 
. preserve 

. use "$temp_dir/pre_period_micro_average.dta", clear 

. merge 1:1 period using "$temp_dir/pre_period_macro_average_2.dta"

    Result                      Number of obs
    -----------------------------------------
    Not matched                             0
    Matched                                 1  (_merge==3)
    -----------------------------------------

. drop _merge 

. merge 1:1 period using "$temp_dir/pre_period_macro_average_1.dta"

    Result                      Number of obs
    -----------------------------------------
    Not matched                             0
    Matched                                 1  (_merge==3)
    -----------------------------------------

. 
. 
. gen eu_scale = eu_macro / eu_tot

. gen ue_scale = ue_macro / ue

. gen ee_scale = (ee_macro/100) / ee

. 
. keep eu_scale ue_scale ee_scale 

. save "$temp_dir/scaling_factors.dta", replace 
(file
    /Users/giyoung/Library/CloudStorage/Dropbox/Labor_Market_PT/replication/f
    > inal/data/moments/temp/scaling_factors.dta not found)
file
    /Users/giyoung/Library/CloudStorage/Dropbox/Labor_Market_PT/replication/f
    > inal/data/moments/temp/scaling_factors.dta saved

. restore 

. 
. append using "$temp_dir/scaling_factors.dta"

. 
. replace eu_scale = eu_scale[11]
(10 real changes made)

. replace ee_scale = ee_scale[11]
(10 real changes made)

. replace ue_scale = ue_scale[11]
(10 real changes made)

. 
. replace ee = ee*ee_scale
(10 real changes made)

. 
. replace eu_quits = eu_quits * eu_scale
(10 real changes made)

. replace eu_layoffs = eu_layoffs * eu_scale
(10 real changes made)

. replace eu_other = eu_other * eu_scale
(10 real changes made)

. 
. replace ue = ue * ue_scale
(10 real changes made)

. 
. replace eu_tot = eu_quits + eu_layoffs + eu_other
(10 real changes made)

. 
. gen u_rate = eu_tot / (eu_tot + ue)  
(1 missing value generated)

. 
. gen quit_share = eu_quits/eu_tot
(1 missing value generated)

. gen layoff_share = eu_layoffs/eu_tot
(1 missing value generated)

. gen other_share = eu_other / eu_tot 
(1 missing value generated)

. 
. keep decile ee eu_quits eu_layoffs eu_other ue eu_tot u_rate quit_share layof
> f_share other_share

. drop if missing(decile)
(1 observation deleted)

. describe

Contains data
 Observations:            10                  
    Variables:            11                  
-------------------------------------------------------------------------------
Variable      Storage   Display    Value
    name         type    format    label      Variable label
-------------------------------------------------------------------------------
decile          byte    %8.0g                 
ee              double  %10.0g                
eu_quits        double  %10.0g                
eu_layoffs      double  %10.0g                
eu_other        double  %10.0g                
ue              double  %10.0g                
eu_tot          float   %9.0g                 
u_rate          float   %9.0g                 
quit_share      float   %9.0g                 
layoff_share    float   %9.0g                 
other_share     float   %9.0g                 
-------------------------------------------------------------------------------
Sorted by: 
     Note: Dataset has changed since last saved.

. export delimited using "$output_dir/flow_moments.csv", replace nolabel 
(file
    /Users/giyoung/Library/CloudStorage/Dropbox/Labor_Market_PT/replication/f
    > inal/data/moments/output/flow_moments.csv not found)
file /Users/giyoung/Library/CloudStorage/Dropbox/Labor_Market_PT/replication/fi
> nal/data/moments/output/flow_moments.csv saved

. 
end of do-file
